running egg_info
creating ../../build/vision_grasping/vision_grasping.egg-info
writing ../../build/vision_grasping/vision_grasping.egg-info/PKG-INFO
writing dependency_links to ../../build/vision_grasping/vision_grasping.egg-info/dependency_links.txt
writing entry points to ../../build/vision_grasping/vision_grasping.egg-info/entry_points.txt
writing requirements to ../../build/vision_grasping/vision_grasping.egg-info/requires.txt
writing top-level names to ../../build/vision_grasping/vision_grasping.egg-info/top_level.txt
writing manifest file '../../build/vision_grasping/vision_grasping.egg-info/SOURCES.txt'
reading manifest file '../../build/vision_grasping/vision_grasping.egg-info/SOURCES.txt'
writing manifest file '../../build/vision_grasping/vision_grasping.egg-info/SOURCES.txt'
running build
running build_py
creating /home/javierarambarricalvo/martin_ws/build/vision_grasping/build
creating /home/javierarambarricalvo/martin_ws/build/vision_grasping/build/lib
creating /home/javierarambarricalvo/martin_ws/build/vision_grasping/build/lib/vision_grasping
copying vision_grasping/__init__.py -> /home/javierarambarricalvo/martin_ws/build/vision_grasping/build/lib/vision_grasping
copying vision_grasping/cv_grasp_detector.py -> /home/javierarambarricalvo/martin_ws/build/vision_grasping/build/lib/vision_grasping
copying vision_grasping/app.py -> /home/javierarambarricalvo/martin_ws/build/vision_grasping/build/lib/vision_grasping
running install
running install_lib
creating /home/javierarambarricalvo/martin_ws/install/vision_grasping/lib/python3.12/site-packages/vision_grasping
copying /home/javierarambarricalvo/martin_ws/build/vision_grasping/build/lib/vision_grasping/__init__.py -> /home/javierarambarricalvo/martin_ws/install/vision_grasping/lib/python3.12/site-packages/vision_grasping
copying /home/javierarambarricalvo/martin_ws/build/vision_grasping/build/lib/vision_grasping/cv_grasp_detector.py -> /home/javierarambarricalvo/martin_ws/install/vision_grasping/lib/python3.12/site-packages/vision_grasping
copying /home/javierarambarricalvo/martin_ws/build/vision_grasping/build/lib/vision_grasping/app.py -> /home/javierarambarricalvo/martin_ws/install/vision_grasping/lib/python3.12/site-packages/vision_grasping
byte-compiling /home/javierarambarricalvo/martin_ws/install/vision_grasping/lib/python3.12/site-packages/vision_grasping/__init__.py to __init__.cpython-312.pyc
byte-compiling /home/javierarambarricalvo/martin_ws/install/vision_grasping/lib/python3.12/site-packages/vision_grasping/cv_grasp_detector.py to cv_grasp_detector.cpython-312.pyc
byte-compiling /home/javierarambarricalvo/martin_ws/install/vision_grasping/lib/python3.12/site-packages/vision_grasping/app.py to app.cpython-312.pyc
running install_data
creating /home/javierarambarricalvo/martin_ws/install/vision_grasping/share/ament_index
creating /home/javierarambarricalvo/martin_ws/install/vision_grasping/share/ament_index/resource_index
creating /home/javierarambarricalvo/martin_ws/install/vision_grasping/share/ament_index/resource_index/packages
copying resource/vision_grasping -> /home/javierarambarricalvo/martin_ws/install/vision_grasping/share/ament_index/resource_index/packages
copying package.xml -> /home/javierarambarricalvo/martin_ws/install/vision_grasping/share/vision_grasping
running install_egg_info
Copying ../../build/vision_grasping/vision_grasping.egg-info to /home/javierarambarricalvo/martin_ws/install/vision_grasping/lib/python3.12/site-packages/vision_grasping-0.0.0-py3.12.egg-info
running install_scripts
Installing vision_node script to /home/javierarambarricalvo/martin_ws/install/vision_grasping/lib/vision_grasping
writing list of installed files to '/home/javierarambarricalvo/martin_ws/build/vision_grasping/install.log'
