running egg_info
writing ../build/tfm_martin/tfm_martin.egg-info/PKG-INFO
writing dependency_links to ../build/tfm_martin/tfm_martin.egg-info/dependency_links.txt
writing entry points to ../build/tfm_martin/tfm_martin.egg-info/entry_points.txt
writing requirements to ../build/tfm_martin/tfm_martin.egg-info/requires.txt
writing top-level names to ../build/tfm_martin/tfm_martin.egg-info/top_level.txt
reading manifest file '../build/tfm_martin/tfm_martin.egg-info/SOURCES.txt'
writing manifest file '../build/tfm_martin/tfm_martin.egg-info/SOURCES.txt'
running build
running build_py
running install
running install_lib
running install_data
running install_egg_info
removing '/home/javierarambarricalvo/martin_ws/install/tfm_martin/lib/python3.12/site-packages/tfm_martin-0.0.0-py3.12.egg-info' (and everything under it)
Copying ../build/tfm_martin/tfm_martin.egg-info to /home/javierarambarricalvo/martin_ws/install/tfm_martin/lib/python3.12/site-packages/tfm_martin-0.0.0-py3.12.egg-info
running install_scripts
Installing coordinador script to /home/javierarambarricalvo/martin_ws/install/tfm_martin/lib/tfm_martin
Installing coordinador_celda_colaborativa script to /home/javierarambarricalvo/martin_ws/install/tfm_martin/lib/tfm_martin
Installing prueba script to /home/javierarambarricalvo/martin_ws/install/tfm_martin/lib/tfm_martin
Installing run script to /home/javierarambarricalvo/martin_ws/install/tfm_martin/lib/tfm_martin
writing list of installed files to '/home/javierarambarricalvo/martin_ws/build/tfm_martin/install.log'
