[0.010s] Invoking command in '/home/martinalangua/Desktop/ufactory_ros2/build/xarm_description': /usr/bin/cmake /home/martinalangua/Desktop/ufactory_ros2/xarm_ros2/xarm_description -DCMAKE_INSTALL_PREFIX=/home/martinalangua/Desktop/ufactory_ros2/install/xarm_description
[0.106s] -- Configuring incomplete, errors occurred!
[0.107s] [31mCMake Error at CMakeLists.txt:19 (find_package):
[0.108s]   By not providing "Findament_cmake.cmake" in CMAKE_MODULE_PATH this project
[0.108s]   has asked CMake to find a package configuration file provided by
[0.108s]   "ament_cmake", but CMake did not find one.
[0.108s] 
[0.108s]   Could not find a package configuration file provided by "ament_cmake" with
[0.109s]   any of the following names:
[0.109s] 
[0.109s]     ament_cmakeConfig.cmake
[0.109s]     ament_cmake-config.cmake
[0.109s] 
[0.109s]   Add the installation prefix of "ament_cmake" to CMAKE_PREFIX_PATH or set
[0.110s]   "ament_cmake_DIR" to a directory containing one of the above files.  If
[0.110s]   "ament_cmake" provides a separate development package or SDK, be sure it
[0.110s]   has been installed.
[0.110s] 
[0.110s] [0m
[0.113s] Invoked command in '/home/martinalangua/Desktop/ufactory_ros2/build/xarm_description' returned '1': /usr/bin/cmake /home/martinalangua/Desktop/ufactory_ros2/xarm_ros2/xarm_description -DCMAKE_INSTALL_PREFIX=/home/martinalangua/Desktop/ufactory_ros2/install/xarm_description
