running egg_info
writing ../../build/vision_grasping/vision_grasping.egg-info/PKG-INFO
writing dependency_links to ../../build/vision_grasping/vision_grasping.egg-info/dependency_links.txt
writing entry points to ../../build/vision_grasping/vision_grasping.egg-info/entry_points.txt
writing requirements to ../../build/vision_grasping/vision_grasping.egg-info/requires.txt
writing top-level names to ../../build/vision_grasping/vision_grasping.egg-info/top_level.txt
reading manifest file '../../build/vision_grasping/vision_grasping.egg-info/SOURCES.txt'
writing manifest file '../../build/vision_grasping/vision_grasping.egg-info/SOURCES.txt'
running build
running build_py
copying vision_grasping/app.py -> /home/martinalangua/martin_ws/build/vision_grasping/build/lib/vision_grasping
copying vision_grasping/settings.py -> /home/martinalangua/martin_ws/build/vision_grasping/build/lib/vision_grasping
running install
running install_lib
copying /home/martinalangua/martin_ws/build/vision_grasping/build/lib/vision_grasping/app.py -> /home/martinalangua/martin_ws/install/vision_grasping/lib/python3.12/site-packages/vision_grasping
copying /home/martinalangua/martin_ws/build/vision_grasping/build/lib/vision_grasping/settings.py -> /home/martinalangua/martin_ws/install/vision_grasping/lib/python3.12/site-packages/vision_grasping
byte-compiling /home/martinalangua/martin_ws/install/vision_grasping/lib/python3.12/site-packages/vision_grasping/app.py to app.cpython-312.pyc
byte-compiling /home/martinalangua/martin_ws/install/vision_grasping/lib/python3.12/site-packages/vision_grasping/settings.py to settings.cpython-312.pyc
running install_data
running install_egg_info
removing '/home/martinalangua/martin_ws/install/vision_grasping/lib/python3.12/site-packages/vision_grasping-0.0.0-py3.12.egg-info' (and everything under it)
Copying ../../build/vision_grasping/vision_grasping.egg-info to /home/martinalangua/martin_ws/install/vision_grasping/lib/python3.12/site-packages/vision_grasping-0.0.0-py3.12.egg-info
running install_scripts
Installing vision_node script to /home/martinalangua/martin_ws/install/vision_grasping/lib/vision_grasping
writing list of installed files to '/home/martinalangua/martin_ws/build/vision_grasping/install.log'
