[0.460s] Invoking command in '/home/javierarambarricalvo/martin_ws/tfm_martin_old': PYTHONPATH=/home/javierarambarricalvo/martin_ws/build/tfm_martin/prefix_override:/usr/lib/python3/dist-packages/colcon_core/task/python/colcon_distutils_commands:/home/javierarambarricalvo/martin_ws/install/tfm_martin/lib/python3.12/site-packages:${PYTHONPATH} /usr/bin/python3 -W ignore:setup.py install is deprecated -W ignore:easy_install command is deprecated setup.py egg_info --egg-base ../build/tfm_martin build --build-base /home/javierarambarricalvo/martin_ws/build/tfm_martin/build install --record /home/javierarambarricalvo/martin_ws/build/tfm_martin/install.log --install-scripts $base/lib/tfm_martin --single-version-externally-managed install_data
[0.574s] running egg_info
[0.581s] writing ../build/tfm_martin/tfm_martin.egg-info/PKG-INFO
[0.581s] writing dependency_links to ../build/tfm_martin/tfm_martin.egg-info/dependency_links.txt
[0.581s] writing entry points to ../build/tfm_martin/tfm_martin.egg-info/entry_points.txt
[0.581s] writing requirements to ../build/tfm_martin/tfm_martin.egg-info/requires.txt
[0.581s] writing top-level names to ../build/tfm_martin/tfm_martin.egg-info/top_level.txt
[0.594s] reading manifest file '../build/tfm_martin/tfm_martin.egg-info/SOURCES.txt'
[0.594s] writing manifest file '../build/tfm_martin/tfm_martin.egg-info/SOURCES.txt'
[0.594s] running build
[0.594s] running build_py
[0.594s] running install
[0.597s] running install_lib
[0.604s] running install_data
[0.604s] running install_egg_info
[0.611s] removing '/home/javierarambarricalvo/martin_ws/install/tfm_martin/lib/python3.12/site-packages/tfm_martin-0.0.0-py3.12.egg-info' (and everything under it)
[0.611s] Copying ../build/tfm_martin/tfm_martin.egg-info to /home/javierarambarricalvo/martin_ws/install/tfm_martin/lib/python3.12/site-packages/tfm_martin-0.0.0-py3.12.egg-info
[0.612s] running install_scripts
[0.661s] Installing coordinador script to /home/javierarambarricalvo/martin_ws/install/tfm_martin/lib/tfm_martin
[0.661s] Installing coordinador_celda_colaborativa script to /home/javierarambarricalvo/martin_ws/install/tfm_martin/lib/tfm_martin
[0.661s] Installing prueba script to /home/javierarambarricalvo/martin_ws/install/tfm_martin/lib/tfm_martin
[0.661s] Installing run script to /home/javierarambarricalvo/martin_ws/install/tfm_martin/lib/tfm_martin
[0.661s] writing list of installed files to '/home/javierarambarricalvo/martin_ws/build/tfm_martin/install.log'
[0.678s] Invoked command in '/home/javierarambarricalvo/martin_ws/tfm_martin_old' returned '0': PYTHONPATH=/home/javierarambarricalvo/martin_ws/build/tfm_martin/prefix_override:/usr/lib/python3/dist-packages/colcon_core/task/python/colcon_distutils_commands:/home/javierarambarricalvo/martin_ws/install/tfm_martin/lib/python3.12/site-packages:${PYTHONPATH} /usr/bin/python3 -W ignore:setup.py install is deprecated -W ignore:easy_install command is deprecated setup.py egg_info --egg-base ../build/tfm_martin build --build-base /home/javierarambarricalvo/martin_ws/build/tfm_martin/build install --record /home/javierarambarricalvo/martin_ws/build/tfm_martin/install.log --install-scripts $base/lib/tfm_martin --single-version-externally-managed install_data
