[0.011s] Invoking command in '/home/martinalangua/Desktop/ufactory_ros2/build/xarm_msgs': /usr/bin/cmake /home/martinalangua/Desktop/ufactory_ros2/xarm_ros2/xarm_msgs -DCMAKE_INSTALL_PREFIX=/home/martinalangua/Desktop/ufactory_ros2/install/xarm_msgs
[0.109s] -- Configuring incomplete, errors occurred!
[0.112s] [31mCMake Error at CMakeLists.txt:19 (find_package):
[0.112s]   By not providing "Findament_cmake.cmake" in CMAKE_MODULE_PATH this project
[0.112s]   has asked CMake to find a package configuration file provided by
[0.112s]   "ament_cmake", but CMake did not find one.
[0.113s] 
[0.113s]   Could not find a package configuration file provided by "ament_cmake" with
[0.113s]   any of the following names:
[0.113s] 
[0.113s]     ament_cmakeConfig.cmake
[0.113s]     ament_cmake-config.cmake
[0.113s] 
[0.113s]   Add the installation prefix of "ament_cmake" to CMAKE_PREFIX_PATH or set
[0.113s]   "ament_cmake_DIR" to a directory containing one of the above files.  If
[0.113s]   "ament_cmake" provides a separate development package or SDK, be sure it
[0.114s]   has been installed.
[0.114s] 
[0.114s] [0m
[0.115s] Invoked command in '/home/martinalangua/Desktop/ufactory_ros2/build/xarm_msgs' returned '1': /usr/bin/cmake /home/martinalangua/Desktop/ufactory_ros2/xarm_ros2/xarm_msgs -DCMAKE_INSTALL_PREFIX=/home/martinalangua/Desktop/ufactory_ros2/install/xarm_msgs
