[0.096s] Invoking command in '/home/martinalangua/Desktop/ufactory_ros2/build/realsense_gazebo_plugin': /usr/bin/cmake /home/martinalangua/Desktop/ufactory_ros2/xarm_ros2/thirdparty/realsense_gazebo_plugin -DCMAKE_INSTALL_PREFIX=/home/martinalangua/Desktop/ufactory_ros2/install/realsense_gazebo_plugin
[0.110s] [31mCMake Error at CMakeLists.txt:17 (find_package):
[0.110s]   By not providing "Findament_cmake.cmake" in CMAKE_MODULE_PATH this project
[0.110s]   has asked CMake to find a package configuration file provided by
[0.110s]   "ament_cmake", but CMake did not find one.
[0.110s] 
[0.110s]   Could not find a package configuration file provided by "ament_cmake" with
[0.110s]   any of the following names:
[0.110s] 
[0.110s]     ament_cmakeConfig.cmake
[0.110s]     ament_cmake-config.cmake
[0.110s] 
[0.110s]   Add the installation prefix of "ament_cmake" to CMAKE_PREFIX_PATH or set
[0.110s]   "ament_cmake_DIR" to a directory containing one of the above files.  If
[0.110s]   "ament_cmake" provides a separate development package or SDK, be sure it
[0.110s]   has been installed.
[0.110s] 
[0.110s] [0m
[0.110s] -- Configuring incomplete, errors occurred!
[0.192s] Invoked command in '/home/martinalangua/Desktop/ufactory_ros2/build/realsense_gazebo_plugin' returned '1': /usr/bin/cmake /home/martinalangua/Desktop/ufactory_ros2/xarm_ros2/thirdparty/realsense_gazebo_plugin -DCMAKE_INSTALL_PREFIX=/home/martinalangua/Desktop/ufactory_ros2/install/realsense_gazebo_plugin
