[0.483s] Invoking command in '/home/martinalangua/martin_ws/src/vision_grasping': PYTHONPATH=/home/martinalangua/martin_ws/build/vision_grasping/prefix_override:/usr/lib/python3/dist-packages/colcon_core/task/python/colcon_distutils_commands:/home/martinalangua/martin_ws/install/vision_grasping/lib/python3.12/site-packages:${PYTHONPATH} /usr/bin/python3 -W ignore:setup.py install is deprecated -W ignore:easy_install command is deprecated setup.py egg_info --egg-base ../../build/vision_grasping build --build-base /home/martinalangua/martin_ws/build/vision_grasping/build install --record /home/martinalangua/martin_ws/build/vision_grasping/install.log --install-scripts $base/lib/vision_grasping --single-version-externally-managed install_data
[0.602s] running egg_info
[0.609s] writing ../../build/vision_grasping/vision_grasping.egg-info/PKG-INFO
[0.609s] writing dependency_links to ../../build/vision_grasping/vision_grasping.egg-info/dependency_links.txt
[0.609s] writing entry points to ../../build/vision_grasping/vision_grasping.egg-info/entry_points.txt
[0.609s] writing requirements to ../../build/vision_grasping/vision_grasping.egg-info/requires.txt
[0.610s] writing top-level names to ../../build/vision_grasping/vision_grasping.egg-info/top_level.txt
[0.622s] reading manifest file '../../build/vision_grasping/vision_grasping.egg-info/SOURCES.txt'
[0.623s] writing manifest file '../../build/vision_grasping/vision_grasping.egg-info/SOURCES.txt'
[0.623s] running build
[0.623s] running build_py
[0.623s] copying vision_grasping/app.py -> /home/martinalangua/martin_ws/build/vision_grasping/build/lib/vision_grasping
[0.623s] running install
[0.625s] running install_lib
[0.632s] copying /home/martinalangua/martin_ws/build/vision_grasping/build/lib/vision_grasping/app.py -> /home/martinalangua/martin_ws/install/vision_grasping/lib/python3.12/site-packages/vision_grasping
[0.632s] byte-compiling /home/martinalangua/martin_ws/install/vision_grasping/lib/python3.12/site-packages/vision_grasping/app.py to app.cpython-312.pyc
[0.633s] running install_data
[0.633s] running install_egg_info
[0.641s] removing '/home/martinalangua/martin_ws/install/vision_grasping/lib/python3.12/site-packages/vision_grasping-0.0.0-py3.12.egg-info' (and everything under it)
[0.641s] Copying ../../build/vision_grasping/vision_grasping.egg-info to /home/martinalangua/martin_ws/install/vision_grasping/lib/python3.12/site-packages/vision_grasping-0.0.0-py3.12.egg-info
[0.641s] running install_scripts
[0.690s] Installing vision_node script to /home/martinalangua/martin_ws/install/vision_grasping/lib/vision_grasping
[0.690s] writing list of installed files to '/home/martinalangua/martin_ws/build/vision_grasping/install.log'
[0.707s] Invoked command in '/home/martinalangua/martin_ws/src/vision_grasping' returned '0': PYTHONPATH=/home/martinalangua/martin_ws/build/vision_grasping/prefix_override:/usr/lib/python3/dist-packages/colcon_core/task/python/colcon_distutils_commands:/home/martinalangua/martin_ws/install/vision_grasping/lib/python3.12/site-packages:${PYTHONPATH} /usr/bin/python3 -W ignore:setup.py install is deprecated -W ignore:easy_install command is deprecated setup.py egg_info --egg-base ../../build/vision_grasping build --build-base /home/martinalangua/martin_ws/build/vision_grasping/build install --record /home/martinalangua/martin_ws/build/vision_grasping/install.log --install-scripts $base/lib/vision_grasping --single-version-externally-managed install_data
