[0.458s] Invoking command in '/home/javierarambarricalvo/martin_ws/tfm_martin_old': PYTHONPATH=/home/javierarambarricalvo/martin_ws/build/tfm_martin/prefix_override:/usr/lib/python3/dist-packages/colcon_core/task/python/colcon_distutils_commands:/home/javierarambarricalvo/martin_ws/install/tfm_martin/lib/python3.12/site-packages:${PYTHONPATH} /usr/bin/python3 -W ignore:setup.py install is deprecated -W ignore:easy_install command is deprecated setup.py egg_info --egg-base ../build/tfm_martin build --build-base /home/javierarambarricalvo/martin_ws/build/tfm_martin/build install --record /home/javierarambarricalvo/martin_ws/build/tfm_martin/install.log --install-scripts $base/lib/tfm_martin --single-version-externally-managed install_data
[0.570s] running egg_info
[0.577s] writing ../build/tfm_martin/tfm_martin.egg-info/PKG-INFO
[0.577s] writing dependency_links to ../build/tfm_martin/tfm_martin.egg-info/dependency_links.txt
[0.577s] writing entry points to ../build/tfm_martin/tfm_martin.egg-info/entry_points.txt
[0.577s] writing requirements to ../build/tfm_martin/tfm_martin.egg-info/requires.txt
[0.577s] writing top-level names to ../build/tfm_martin/tfm_martin.egg-info/top_level.txt
[0.590s] reading manifest file '../build/tfm_martin/tfm_martin.egg-info/SOURCES.txt'
[0.590s] writing manifest file '../build/tfm_martin/tfm_martin.egg-info/SOURCES.txt'
[0.590s] running build
[0.590s] running build_py
[0.591s] running install
[0.593s] running install_lib
[0.600s] running install_data
[0.600s] running install_egg_info
[0.607s] removing '/home/javierarambarricalvo/martin_ws/install/tfm_martin/lib/python3.12/site-packages/tfm_martin-0.0.0-py3.12.egg-info' (and everything under it)
[0.607s] Copying ../build/tfm_martin/tfm_martin.egg-info to /home/javierarambarricalvo/martin_ws/install/tfm_martin/lib/python3.12/site-packages/tfm_martin-0.0.0-py3.12.egg-info
[0.607s] running install_scripts
[0.657s] Installing coordinador script to /home/javierarambarricalvo/martin_ws/install/tfm_martin/lib/tfm_martin
[0.657s] Installing coordinador_celda_colaborativa script to /home/javierarambarricalvo/martin_ws/install/tfm_martin/lib/tfm_martin
[0.658s] Installing prueba script to /home/javierarambarricalvo/martin_ws/install/tfm_martin/lib/tfm_martin
[0.658s] Installing run script to /home/javierarambarricalvo/martin_ws/install/tfm_martin/lib/tfm_martin
[0.658s] writing list of installed files to '/home/javierarambarricalvo/martin_ws/build/tfm_martin/install.log'
[0.679s] Invoked command in '/home/javierarambarricalvo/martin_ws/tfm_martin_old' returned '0': PYTHONPATH=/home/javierarambarricalvo/martin_ws/build/tfm_martin/prefix_override:/usr/lib/python3/dist-packages/colcon_core/task/python/colcon_distutils_commands:/home/javierarambarricalvo/martin_ws/install/tfm_martin/lib/python3.12/site-packages:${PYTHONPATH} /usr/bin/python3 -W ignore:setup.py install is deprecated -W ignore:easy_install command is deprecated setup.py egg_info --egg-base ../build/tfm_martin build --build-base /home/javierarambarricalvo/martin_ws/build/tfm_martin/build install --record /home/javierarambarricalvo/martin_ws/build/tfm_martin/install.log --install-scripts $base/lib/tfm_martin --single-version-externally-managed install_data
