[0.486s] Invoking command in '/home/javierarambarricalvo/martin_ws/src/vision_grasping': PYTHONPATH=/home/javierarambarricalvo/martin_ws/build/vision_grasping/prefix_override:/usr/lib/python3/dist-packages/colcon_core/task/python/colcon_distutils_commands:/home/javierarambarricalvo/martin_ws/install/vision_grasping/lib/python3.12/site-packages:${PYTHONPATH} /usr/bin/python3 -W ignore:setup.py install is deprecated -W ignore:easy_install command is deprecated setup.py egg_info --egg-base ../../build/vision_grasping build --build-base /home/javierarambarricalvo/martin_ws/build/vision_grasping/build install --record /home/javierarambarricalvo/martin_ws/build/vision_grasping/install.log --install-scripts $base/lib/vision_grasping --single-version-externally-managed install_data
[0.600s] running egg_info
[0.606s] writing ../../build/vision_grasping/vision_grasping.egg-info/PKG-INFO
[0.607s] writing dependency_links to ../../build/vision_grasping/vision_grasping.egg-info/dependency_links.txt
[0.607s] writing entry points to ../../build/vision_grasping/vision_grasping.egg-info/entry_points.txt
[0.607s] writing requirements to ../../build/vision_grasping/vision_grasping.egg-info/requires.txt
[0.607s] writing top-level names to ../../build/vision_grasping/vision_grasping.egg-info/top_level.txt
[0.620s] reading manifest file '../../build/vision_grasping/vision_grasping.egg-info/SOURCES.txt'
[0.620s] writing manifest file '../../build/vision_grasping/vision_grasping.egg-info/SOURCES.txt'
[0.620s] running build
[0.620s] running build_py
[0.620s] copying vision_grasping/utils.py -> /home/javierarambarricalvo/martin_ws/build/vision_grasping/build/lib/vision_grasping
[0.620s] copying vision_grasping/app.py -> /home/javierarambarricalvo/martin_ws/build/vision_grasping/build/lib/vision_grasping
[0.620s] creating /home/javierarambarricalvo/martin_ws/build/vision_grasping/build/lib/vision_grasping/helpers
[0.620s] copying vision_grasping/helpers/__init__.py -> /home/javierarambarricalvo/martin_ws/build/vision_grasping/build/lib/vision_grasping/helpers
[0.621s] copying vision_grasping/helpers/matrix_funcs.py -> /home/javierarambarricalvo/martin_ws/build/vision_grasping/build/lib/vision_grasping/helpers
[0.621s] copying vision_grasping/helpers/covariance.py -> /home/javierarambarricalvo/martin_ws/build/vision_grasping/build/lib/vision_grasping/helpers
[0.621s] running install
[0.624s] running install_lib
[0.630s] copying /home/javierarambarricalvo/martin_ws/build/vision_grasping/build/lib/vision_grasping/utils.py -> /home/javierarambarricalvo/martin_ws/install/vision_grasping/lib/python3.12/site-packages/vision_grasping
[0.630s] copying /home/javierarambarricalvo/martin_ws/build/vision_grasping/build/lib/vision_grasping/app.py -> /home/javierarambarricalvo/martin_ws/install/vision_grasping/lib/python3.12/site-packages/vision_grasping
[0.630s] creating /home/javierarambarricalvo/martin_ws/install/vision_grasping/lib/python3.12/site-packages/vision_grasping/helpers
[0.630s] copying /home/javierarambarricalvo/martin_ws/build/vision_grasping/build/lib/vision_grasping/helpers/__init__.py -> /home/javierarambarricalvo/martin_ws/install/vision_grasping/lib/python3.12/site-packages/vision_grasping/helpers
[0.630s] copying /home/javierarambarricalvo/martin_ws/build/vision_grasping/build/lib/vision_grasping/helpers/matrix_funcs.py -> /home/javierarambarricalvo/martin_ws/install/vision_grasping/lib/python3.12/site-packages/vision_grasping/helpers
[0.630s] copying /home/javierarambarricalvo/martin_ws/build/vision_grasping/build/lib/vision_grasping/helpers/covariance.py -> /home/javierarambarricalvo/martin_ws/install/vision_grasping/lib/python3.12/site-packages/vision_grasping/helpers
[0.631s] byte-compiling /home/javierarambarricalvo/martin_ws/install/vision_grasping/lib/python3.12/site-packages/vision_grasping/utils.py to utils.cpython-312.pyc
[0.631s] byte-compiling /home/javierarambarricalvo/martin_ws/install/vision_grasping/lib/python3.12/site-packages/vision_grasping/app.py to app.cpython-312.pyc
[0.632s] byte-compiling /home/javierarambarricalvo/martin_ws/install/vision_grasping/lib/python3.12/site-packages/vision_grasping/helpers/__init__.py to __init__.cpython-312.pyc
[0.632s] byte-compiling /home/javierarambarricalvo/martin_ws/install/vision_grasping/lib/python3.12/site-packages/vision_grasping/helpers/matrix_funcs.py to matrix_funcs.cpython-312.pyc
[0.633s] byte-compiling /home/javierarambarricalvo/martin_ws/install/vision_grasping/lib/python3.12/site-packages/vision_grasping/helpers/covariance.py to covariance.cpython-312.pyc
[0.633s] running install_data
[0.633s] running install_egg_info
[0.640s] removing '/home/javierarambarricalvo/martin_ws/install/vision_grasping/lib/python3.12/site-packages/vision_grasping-0.0.0-py3.12.egg-info' (and everything under it)
[0.640s] Copying ../../build/vision_grasping/vision_grasping.egg-info to /home/javierarambarricalvo/martin_ws/install/vision_grasping/lib/python3.12/site-packages/vision_grasping-0.0.0-py3.12.egg-info
[0.641s] running install_scripts
[0.690s] Installing vision_node script to /home/javierarambarricalvo/martin_ws/install/vision_grasping/lib/vision_grasping
[0.690s] writing list of installed files to '/home/javierarambarricalvo/martin_ws/build/vision_grasping/install.log'
[0.712s] Invoked command in '/home/javierarambarricalvo/martin_ws/src/vision_grasping' returned '0': PYTHONPATH=/home/javierarambarricalvo/martin_ws/build/vision_grasping/prefix_override:/usr/lib/python3/dist-packages/colcon_core/task/python/colcon_distutils_commands:/home/javierarambarricalvo/martin_ws/install/vision_grasping/lib/python3.12/site-packages:${PYTHONPATH} /usr/bin/python3 -W ignore:setup.py install is deprecated -W ignore:easy_install command is deprecated setup.py egg_info --egg-base ../../build/vision_grasping build --build-base /home/javierarambarricalvo/martin_ws/build/vision_grasping/build install --record /home/javierarambarricalvo/martin_ws/build/vision_grasping/install.log --install-scripts $base/lib/vision_grasping --single-version-externally-managed install_data
