/home/martinalangua/martin_ws/install/vision_grasping/lib/python3.12/site-packages/vision_grasping/cv_grasp_detector.py
/home/martinalangua/martin_ws/install/vision_grasping/lib/python3.12/site-packages/vision_grasping/utils.py
/home/martinalangua/martin_ws/install/vision_grasping/lib/python3.12/site-packages/vision_grasping/__init__.py
/home/martinalangua/martin_ws/install/vision_grasping/lib/python3.12/site-packages/vision_grasping/app.py
/home/martinalangua/martin_ws/install/vision_grasping/lib/python3.12/site-packages/vision_grasping/settings.py
/home/martinalangua/martin_ws/install/vision_grasping/lib/python3.12/site-packages/vision_grasping/helpers/covariance.py
/home/martinalangua/martin_ws/install/vision_grasping/lib/python3.12/site-packages/vision_grasping/helpers/__init__.py
/home/martinalangua/martin_ws/install/vision_grasping/lib/python3.12/site-packages/vision_grasping/helpers/matrix_funcs.py
/home/martinalangua/martin_ws/install/vision_grasping/lib/python3.12/site-packages/vision_grasping/__pycache__/cv_grasp_detector.cpython-312.pyc
/home/martinalangua/martin_ws/install/vision_grasping/lib/python3.12/site-packages/vision_grasping/__pycache__/utils.cpython-312.pyc
/home/martinalangua/martin_ws/install/vision_grasping/lib/python3.12/site-packages/vision_grasping/__pycache__/__init__.cpython-312.pyc
/home/martinalangua/martin_ws/install/vision_grasping/lib/python3.12/site-packages/vision_grasping/__pycache__/app.cpython-312.pyc
/home/martinalangua/martin_ws/install/vision_grasping/lib/python3.12/site-packages/vision_grasping/__pycache__/settings.cpython-312.pyc
/home/martinalangua/martin_ws/install/vision_grasping/lib/python3.12/site-packages/vision_grasping/helpers/__pycache__/covariance.cpython-312.pyc
/home/martinalangua/martin_ws/install/vision_grasping/lib/python3.12/site-packages/vision_grasping/helpers/__pycache__/__init__.cpython-312.pyc
/home/martinalangua/martin_ws/install/vision_grasping/lib/python3.12/site-packages/vision_grasping/helpers/__pycache__/matrix_funcs.cpython-312.pyc
/home/martinalangua/martin_ws/install/vision_grasping/share/ament_index/resource_index/packages/vision_grasping
/home/martinalangua/martin_ws/install/vision_grasping/share/vision_grasping/package.xml
/home/martinalangua/martin_ws/install/vision_grasping/lib/python3.12/site-packages/vision_grasping-0.0.0-py3.12.egg-info/PKG-INFO
/home/martinalangua/martin_ws/install/vision_grasping/lib/python3.12/site-packages/vision_grasping-0.0.0-py3.12.egg-info/requires.txt
/home/martinalangua/martin_ws/install/vision_grasping/lib/python3.12/site-packages/vision_grasping-0.0.0-py3.12.egg-info/dependency_links.txt
/home/martinalangua/martin_ws/install/vision_grasping/lib/python3.12/site-packages/vision_grasping-0.0.0-py3.12.egg-info/top_level.txt
/home/martinalangua/martin_ws/install/vision_grasping/lib/python3.12/site-packages/vision_grasping-0.0.0-py3.12.egg-info/entry_points.txt
/home/martinalangua/martin_ws/install/vision_grasping/lib/python3.12/site-packages/vision_grasping-0.0.0-py3.12.egg-info/zip-safe
/home/martinalangua/martin_ws/install/vision_grasping/lib/python3.12/site-packages/vision_grasping-0.0.0-py3.12.egg-info/SOURCES.txt
/home/martinalangua/martin_ws/install/vision_grasping/lib/vision_grasping/vision_node
