[0.448s] Invoking command in '/home/javierarambarricalvo/martin_ws/src/vision_grasping': PYTHONPATH=/home/javierarambarricalvo/martin_ws/build/vision_grasping/prefix_override:/usr/lib/python3/dist-packages/colcon_core/task/python/colcon_distutils_commands:/home/javierarambarricalvo/martin_ws/install/vision_grasping/lib/python3.12/site-packages:${PYTHONPATH} /usr/bin/python3 -W ignore:setup.py install is deprecated -W ignore:easy_install command is deprecated setup.py egg_info --egg-base ../../build/vision_grasping build --build-base /home/javierarambarricalvo/martin_ws/build/vision_grasping/build install --record /home/javierarambarricalvo/martin_ws/build/vision_grasping/install.log --install-scripts $base/lib/vision_grasping --single-version-externally-managed install_data
[0.560s] running egg_info
[0.567s] writing ../../build/vision_grasping/vision_grasping.egg-info/PKG-INFO
[0.567s] writing dependency_links to ../../build/vision_grasping/vision_grasping.egg-info/dependency_links.txt
[0.567s] writing entry points to ../../build/vision_grasping/vision_grasping.egg-info/entry_points.txt
[0.567s] writing requirements to ../../build/vision_grasping/vision_grasping.egg-info/requires.txt
[0.567s] writing top-level names to ../../build/vision_grasping/vision_grasping.egg-info/top_level.txt
[0.580s] reading manifest file '../../build/vision_grasping/vision_grasping.egg-info/SOURCES.txt'
[0.580s] writing manifest file '../../build/vision_grasping/vision_grasping.egg-info/SOURCES.txt'
[0.581s] running build
[0.581s] running build_py
[0.581s] copying vision_grasping/app.py -> /home/javierarambarricalvo/martin_ws/build/vision_grasping/build/lib/vision_grasping
[0.581s] running install
[0.583s] running install_lib
[0.590s] copying /home/javierarambarricalvo/martin_ws/build/vision_grasping/build/lib/vision_grasping/app.py -> /home/javierarambarricalvo/martin_ws/install/vision_grasping/lib/python3.12/site-packages/vision_grasping
[0.590s] byte-compiling /home/javierarambarricalvo/martin_ws/install/vision_grasping/lib/python3.12/site-packages/vision_grasping/app.py to app.cpython-312.pyc
[0.591s] running install_data
[0.591s] running install_egg_info
[0.598s] removing '/home/javierarambarricalvo/martin_ws/install/vision_grasping/lib/python3.12/site-packages/vision_grasping-0.0.0-py3.12.egg-info' (and everything under it)
[0.598s] Copying ../../build/vision_grasping/vision_grasping.egg-info to /home/javierarambarricalvo/martin_ws/install/vision_grasping/lib/python3.12/site-packages/vision_grasping-0.0.0-py3.12.egg-info
[0.598s] running install_scripts
[0.649s] Installing vision_node script to /home/javierarambarricalvo/martin_ws/install/vision_grasping/lib/vision_grasping
[0.650s] writing list of installed files to '/home/javierarambarricalvo/martin_ws/build/vision_grasping/install.log'
[0.671s] Invoked command in '/home/javierarambarricalvo/martin_ws/src/vision_grasping' returned '0': PYTHONPATH=/home/javierarambarricalvo/martin_ws/build/vision_grasping/prefix_override:/usr/lib/python3/dist-packages/colcon_core/task/python/colcon_distutils_commands:/home/javierarambarricalvo/martin_ws/install/vision_grasping/lib/python3.12/site-packages:${PYTHONPATH} /usr/bin/python3 -W ignore:setup.py install is deprecated -W ignore:easy_install command is deprecated setup.py egg_info --egg-base ../../build/vision_grasping build --build-base /home/javierarambarricalvo/martin_ws/build/vision_grasping/build install --record /home/javierarambarricalvo/martin_ws/build/vision_grasping/install.log --install-scripts $base/lib/vision_grasping --single-version-externally-managed install_data
