/home/martinalangua/martin_ws/install/tfm_martin/lib/python3.12/site-packages/tfm_martin/coordinador_celda_colaborativa.py
/home/martinalangua/martin_ws/install/tfm_martin/lib/python3.12/site-packages/tfm_martin/prueba.py
/home/martinalangua/martin_ws/install/tfm_martin/lib/python3.12/site-packages/tfm_martin/cv_grasp_detector.py
/home/martinalangua/martin_ws/install/tfm_martin/lib/python3.12/site-packages/tfm_martin/coordinador_xarm_motorlin_850.py
/home/martinalangua/martin_ws/install/tfm_martin/lib/python3.12/site-packages/tfm_martin/__init__.py
/home/martinalangua/martin_ws/install/tfm_martin/lib/python3.12/site-packages/tfm_martin/prueba_motor_lineal.py
/home/martinalangua/martin_ws/install/tfm_martin/lib/python3.12/site-packages/tfm_martin/helpers/covariance.py
/home/martinalangua/martin_ws/install/tfm_martin/lib/python3.12/site-packages/tfm_martin/helpers/__init__.py
/home/martinalangua/martin_ws/install/tfm_martin/lib/python3.12/site-packages/tfm_martin/helpers/matrix_funcs.py
/home/martinalangua/martin_ws/install/tfm_martin/lib/python3.12/site-packages/tfm_martin/camera/depthai_camera.py
/home/martinalangua/martin_ws/install/tfm_martin/lib/python3.12/site-packages/tfm_martin/camera/rs_camera.py
/home/martinalangua/martin_ws/install/tfm_martin/lib/python3.12/site-packages/tfm_martin/camera/utils.py
/home/martinalangua/martin_ws/install/tfm_martin/lib/python3.12/site-packages/tfm_martin/camera/__init__.py
/home/martinalangua/martin_ws/install/tfm_martin/lib/python3.12/site-packages/tfm_martin/__pycache__/coordinador_celda_colaborativa.cpython-312.pyc
/home/martinalangua/martin_ws/install/tfm_martin/lib/python3.12/site-packages/tfm_martin/__pycache__/prueba.cpython-312.pyc
/home/martinalangua/martin_ws/install/tfm_martin/lib/python3.12/site-packages/tfm_martin/__pycache__/cv_grasp_detector.cpython-312.pyc
/home/martinalangua/martin_ws/install/tfm_martin/lib/python3.12/site-packages/tfm_martin/__pycache__/coordinador_xarm_motorlin_850.cpython-312.pyc
/home/martinalangua/martin_ws/install/tfm_martin/lib/python3.12/site-packages/tfm_martin/__pycache__/__init__.cpython-312.pyc
/home/martinalangua/martin_ws/install/tfm_martin/lib/python3.12/site-packages/tfm_martin/__pycache__/prueba_motor_lineal.cpython-312.pyc
/home/martinalangua/martin_ws/install/tfm_martin/lib/python3.12/site-packages/tfm_martin/helpers/__pycache__/covariance.cpython-312.pyc
/home/martinalangua/martin_ws/install/tfm_martin/lib/python3.12/site-packages/tfm_martin/helpers/__pycache__/__init__.cpython-312.pyc
/home/martinalangua/martin_ws/install/tfm_martin/lib/python3.12/site-packages/tfm_martin/helpers/__pycache__/matrix_funcs.cpython-312.pyc
/home/martinalangua/martin_ws/install/tfm_martin/lib/python3.12/site-packages/tfm_martin/camera/__pycache__/depthai_camera.cpython-312.pyc
/home/martinalangua/martin_ws/install/tfm_martin/lib/python3.12/site-packages/tfm_martin/camera/__pycache__/rs_camera.cpython-312.pyc
/home/martinalangua/martin_ws/install/tfm_martin/lib/python3.12/site-packages/tfm_martin/camera/__pycache__/utils.cpython-312.pyc
/home/martinalangua/martin_ws/install/tfm_martin/lib/python3.12/site-packages/tfm_martin/camera/__pycache__/__init__.cpython-312.pyc
/home/martinalangua/martin_ws/install/tfm_martin/share/ament_index/resource_index/packages/tfm_martin
/home/martinalangua/martin_ws/install/tfm_martin/share/tfm_martin/package.xml
/home/martinalangua/martin_ws/install/tfm_martin/share/tfm_martin/launch/xarm_motor_lin.launch.py
/home/martinalangua/martin_ws/install/tfm_martin/share/tfm_martin/launch/aplicacion.launch.py
/home/martinalangua/martin_ws/install/tfm_martin/lib/python3.12/site-packages/tfm_martin-0.0.0-py3.12.egg-info/PKG-INFO
/home/martinalangua/martin_ws/install/tfm_martin/lib/python3.12/site-packages/tfm_martin-0.0.0-py3.12.egg-info/requires.txt
/home/martinalangua/martin_ws/install/tfm_martin/lib/python3.12/site-packages/tfm_martin-0.0.0-py3.12.egg-info/dependency_links.txt
/home/martinalangua/martin_ws/install/tfm_martin/lib/python3.12/site-packages/tfm_martin-0.0.0-py3.12.egg-info/top_level.txt
/home/martinalangua/martin_ws/install/tfm_martin/lib/python3.12/site-packages/tfm_martin-0.0.0-py3.12.egg-info/entry_points.txt
/home/martinalangua/martin_ws/install/tfm_martin/lib/python3.12/site-packages/tfm_martin-0.0.0-py3.12.egg-info/zip-safe
/home/martinalangua/martin_ws/install/tfm_martin/lib/python3.12/site-packages/tfm_martin-0.0.0-py3.12.egg-info/SOURCES.txt
/home/martinalangua/martin_ws/install/tfm_martin/lib/tfm_martin/coordinador
/home/martinalangua/martin_ws/install/tfm_martin/lib/tfm_martin/coordinador_celda_colaborativa
/home/martinalangua/martin_ws/install/tfm_martin/lib/tfm_martin/prueba
/home/martinalangua/martin_ws/install/tfm_martin/lib/tfm_martin/run
