running egg_info
writing ../../build/xarm6_policy_infer/xarm6_policy_infer.egg-info/PKG-INFO
writing dependency_links to ../../build/xarm6_policy_infer/xarm6_policy_infer.egg-info/dependency_links.txt
writing entry points to ../../build/xarm6_policy_infer/xarm6_policy_infer.egg-info/entry_points.txt
writing requirements to ../../build/xarm6_policy_infer/xarm6_policy_infer.egg-info/requires.txt
writing top-level names to ../../build/xarm6_policy_infer/xarm6_policy_infer.egg-info/top_level.txt
reading manifest file '../../build/xarm6_policy_infer/xarm6_policy_infer.egg-info/SOURCES.txt'
writing manifest file '../../build/xarm6_policy_infer/xarm6_policy_infer.egg-info/SOURCES.txt'
running build
running build_py
copying xarm6_policy_infer/real_filter_node.py -> /home/isaac_sim/ros2_ws/build/xarm6_policy_infer/build/lib/xarm6_policy_infer
copying xarm6_policy_infer/real_node.py -> /home/isaac_sim/ros2_ws/build/xarm6_policy_infer/build/lib/xarm6_policy_infer
running install
running install_lib
copying /home/isaac_sim/ros2_ws/build/xarm6_policy_infer/build/lib/xarm6_policy_infer/real_filter_node.py -> /home/isaac_sim/ros2_ws/install/xarm6_policy_infer/lib/python3.12/site-packages/xarm6_policy_infer
copying /home/isaac_sim/ros2_ws/build/xarm6_policy_infer/build/lib/xarm6_policy_infer/real_node.py -> /home/isaac_sim/ros2_ws/install/xarm6_policy_infer/lib/python3.12/site-packages/xarm6_policy_infer
byte-compiling /home/isaac_sim/ros2_ws/install/xarm6_policy_infer/lib/python3.12/site-packages/xarm6_policy_infer/real_filter_node.py to real_filter_node.cpython-312.pyc
byte-compiling /home/isaac_sim/ros2_ws/install/xarm6_policy_infer/lib/python3.12/site-packages/xarm6_policy_infer/real_node.py to real_node.cpython-312.pyc
running install_data
running install_egg_info
removing '/home/isaac_sim/ros2_ws/install/xarm6_policy_infer/lib/python3.12/site-packages/xarm6_policy_infer-0.0.0-py3.12.egg-info' (and everything under it)
Copying ../../build/xarm6_policy_infer/xarm6_policy_infer.egg-info to /home/isaac_sim/ros2_ws/install/xarm6_policy_infer/lib/python3.12/site-packages/xarm6_policy_infer-0.0.0-py3.12.egg-info
running install_scripts
Installing filter_infer script to /home/isaac_sim/ros2_ws/install/xarm6_policy_infer/lib/xarm6_policy_infer
Installing infer script to /home/isaac_sim/ros2_ws/install/xarm6_policy_infer/lib/xarm6_policy_infer
Installing test_infer script to /home/isaac_sim/ros2_ws/install/xarm6_policy_infer/lib/xarm6_policy_infer
writing list of installed files to '/home/isaac_sim/ros2_ws/build/xarm6_policy_infer/install.log'
