[0.431s] Invoking command in '/home/javierarambarricalvo/martin_ws/gmm_ros2': PYTHONPATH=/home/javierarambarricalvo/martin_ws/build/gmm_ros2/prefix_override:/usr/lib/python3/dist-packages/colcon_core/task/python/colcon_distutils_commands:/home/javierarambarricalvo/martin_ws/install/gmm_ros2/lib/python3.12/site-packages:${PYTHONPATH} /usr/bin/python3 -W ignore:setup.py install is deprecated -W ignore:easy_install command is deprecated setup.py egg_info --egg-base ../build/gmm_ros2 build --build-base /home/javierarambarricalvo/martin_ws/build/gmm_ros2/build install --record /home/javierarambarricalvo/martin_ws/build/gmm_ros2/install.log --install-scripts $base/lib/gmm_ros2 --single-version-externally-managed install_data
[0.543s] running egg_info
[0.543s] creating ../build/gmm_ros2/gmm_ros2.egg-info
[0.550s] writing ../build/gmm_ros2/gmm_ros2.egg-info/PKG-INFO
[0.550s] writing dependency_links to ../build/gmm_ros2/gmm_ros2.egg-info/dependency_links.txt
[0.550s] writing entry points to ../build/gmm_ros2/gmm_ros2.egg-info/entry_points.txt
[0.550s] writing requirements to ../build/gmm_ros2/gmm_ros2.egg-info/requires.txt
[0.550s] writing top-level names to ../build/gmm_ros2/gmm_ros2.egg-info/top_level.txt
[0.550s] writing manifest file '../build/gmm_ros2/gmm_ros2.egg-info/SOURCES.txt'
[0.564s] reading manifest file '../build/gmm_ros2/gmm_ros2.egg-info/SOURCES.txt'
[0.565s] writing manifest file '../build/gmm_ros2/gmm_ros2.egg-info/SOURCES.txt'
[0.565s] running build
[0.565s] running build_py
[0.565s] creating /home/javierarambarricalvo/martin_ws/build/gmm_ros2/build
[0.565s] creating /home/javierarambarricalvo/martin_ws/build/gmm_ros2/build/lib
[0.565s] creating /home/javierarambarricalvo/martin_ws/build/gmm_ros2/build/lib/gmm_ros2
[0.565s] copying gmm_ros2/__init__.py -> /home/javierarambarricalvo/martin_ws/build/gmm_ros2/build/lib/gmm_ros2
[0.565s] copying gmm_ros2/gmm_node.py -> /home/javierarambarricalvo/martin_ws/build/gmm_ros2/build/lib/gmm_ros2
[0.565s] running install
[0.567s] running install_lib
[0.574s] creating /home/javierarambarricalvo/martin_ws/install/gmm_ros2/lib/python3.12/site-packages/gmm_ros2
[0.574s] copying /home/javierarambarricalvo/martin_ws/build/gmm_ros2/build/lib/gmm_ros2/__init__.py -> /home/javierarambarricalvo/martin_ws/install/gmm_ros2/lib/python3.12/site-packages/gmm_ros2
[0.574s] copying /home/javierarambarricalvo/martin_ws/build/gmm_ros2/build/lib/gmm_ros2/gmm_node.py -> /home/javierarambarricalvo/martin_ws/install/gmm_ros2/lib/python3.12/site-packages/gmm_ros2
[0.574s] byte-compiling /home/javierarambarricalvo/martin_ws/install/gmm_ros2/lib/python3.12/site-packages/gmm_ros2/__init__.py to __init__.cpython-312.pyc
[0.574s] byte-compiling /home/javierarambarricalvo/martin_ws/install/gmm_ros2/lib/python3.12/site-packages/gmm_ros2/gmm_node.py to gmm_node.cpython-312.pyc
[0.575s] running install_data
[0.575s] creating /home/javierarambarricalvo/martin_ws/install/gmm_ros2/share/ament_index
[0.575s] creating /home/javierarambarricalvo/martin_ws/install/gmm_ros2/share/ament_index/resource_index
[0.575s] creating /home/javierarambarricalvo/martin_ws/install/gmm_ros2/share/ament_index/resource_index/packages
[0.575s] copying resource/gmm_ros2 -> /home/javierarambarricalvo/martin_ws/install/gmm_ros2/share/ament_index/resource_index/packages
[0.575s] copying package.xml -> /home/javierarambarricalvo/martin_ws/install/gmm_ros2/share/gmm_ros2
[0.575s] running install_egg_info
[0.582s] Copying ../build/gmm_ros2/gmm_ros2.egg-info to /home/javierarambarricalvo/martin_ws/install/gmm_ros2/lib/python3.12/site-packages/gmm_ros2-0.0.0-py3.12.egg-info
[0.583s] running install_scripts
[0.634s] Installing gmm_node script to /home/javierarambarricalvo/martin_ws/install/gmm_ros2/lib/gmm_ros2
[0.635s] writing list of installed files to '/home/javierarambarricalvo/martin_ws/build/gmm_ros2/install.log'
[0.648s] Invoked command in '/home/javierarambarricalvo/martin_ws/gmm_ros2' returned '0': PYTHONPATH=/home/javierarambarricalvo/martin_ws/build/gmm_ros2/prefix_override:/usr/lib/python3/dist-packages/colcon_core/task/python/colcon_distutils_commands:/home/javierarambarricalvo/martin_ws/install/gmm_ros2/lib/python3.12/site-packages:${PYTHONPATH} /usr/bin/python3 -W ignore:setup.py install is deprecated -W ignore:easy_install command is deprecated setup.py egg_info --egg-base ../build/gmm_ros2 build --build-base /home/javierarambarricalvo/martin_ws/build/gmm_ros2/build install --record /home/javierarambarricalvo/martin_ws/build/gmm_ros2/install.log --install-scripts $base/lib/gmm_ros2 --single-version-externally-managed install_data
