[0.811s] Invoking command in '/home/isaac_sim/ros2_ws/src/xarm6_policy_infer': PYTHONPATH=/home/isaac_sim/ros2_ws/build/xarm6_policy_infer/prefix_override:/usr/lib/python3/dist-packages/colcon_core/task/python/colcon_distutils_commands:/home/isaac_sim/ros2_ws/install/xarm6_policy_infer/lib/python3.12/site-packages:${PYTHONPATH} /usr/bin/python3 -W ignore:setup.py install is deprecated -W ignore:easy_install command is deprecated setup.py egg_info --egg-base ../../build/xarm6_policy_infer build --build-base /home/isaac_sim/ros2_ws/build/xarm6_policy_infer/build install --record /home/isaac_sim/ros2_ws/build/xarm6_policy_infer/install.log --single-version-externally-managed install_data
[1.089s] running egg_info
[1.106s] writing ../../build/xarm6_policy_infer/xarm6_policy_infer.egg-info/PKG-INFO
[1.106s] writing dependency_links to ../../build/xarm6_policy_infer/xarm6_policy_infer.egg-info/dependency_links.txt
[1.106s] writing entry points to ../../build/xarm6_policy_infer/xarm6_policy_infer.egg-info/entry_points.txt
[1.106s] writing requirements to ../../build/xarm6_policy_infer/xarm6_policy_infer.egg-info/requires.txt
[1.107s] writing top-level names to ../../build/xarm6_policy_infer/xarm6_policy_infer.egg-info/top_level.txt
[1.143s] reading manifest file '../../build/xarm6_policy_infer/xarm6_policy_infer.egg-info/SOURCES.txt'
[1.143s] writing manifest file '../../build/xarm6_policy_infer/xarm6_policy_infer.egg-info/SOURCES.txt'
[1.144s] running build
[1.144s] running build_py
[1.144s] copying xarm6_policy_infer/real_node.py -> /home/isaac_sim/ros2_ws/build/xarm6_policy_infer/build/lib/xarm6_policy_infer
[1.144s] running install
[1.150s] running install_lib
[1.167s] copying /home/isaac_sim/ros2_ws/build/xarm6_policy_infer/build/lib/xarm6_policy_infer/real_node.py -> /home/isaac_sim/ros2_ws/install/xarm6_policy_infer/lib/python3.12/site-packages/xarm6_policy_infer
[1.168s] byte-compiling /home/isaac_sim/ros2_ws/install/xarm6_policy_infer/lib/python3.12/site-packages/xarm6_policy_infer/real_node.py to real_node.cpython-312.pyc
[1.169s] running install_data
[1.170s] running install_egg_info
[1.189s] removing '/home/isaac_sim/ros2_ws/install/xarm6_policy_infer/lib/python3.12/site-packages/xarm6_policy_infer-0.0.0-py3.12.egg-info' (and everything under it)
[1.189s] Copying ../../build/xarm6_policy_infer/xarm6_policy_infer.egg-info to /home/isaac_sim/ros2_ws/install/xarm6_policy_infer/lib/python3.12/site-packages/xarm6_policy_infer-0.0.0-py3.12.egg-info
[1.190s] running install_scripts
[1.313s] Installing infer script to /home/isaac_sim/ros2_ws/install/xarm6_policy_infer/lib/xarm6_policy_infer
[1.313s] Installing test_infer script to /home/isaac_sim/ros2_ws/install/xarm6_policy_infer/lib/xarm6_policy_infer
[1.313s] writing list of installed files to '/home/isaac_sim/ros2_ws/build/xarm6_policy_infer/install.log'
[1.347s] Invoked command in '/home/isaac_sim/ros2_ws/src/xarm6_policy_infer' returned '0': PYTHONPATH=/home/isaac_sim/ros2_ws/build/xarm6_policy_infer/prefix_override:/usr/lib/python3/dist-packages/colcon_core/task/python/colcon_distutils_commands:/home/isaac_sim/ros2_ws/install/xarm6_policy_infer/lib/python3.12/site-packages:${PYTHONPATH} /usr/bin/python3 -W ignore:setup.py install is deprecated -W ignore:easy_install command is deprecated setup.py egg_info --egg-base ../../build/xarm6_policy_infer build --build-base /home/isaac_sim/ros2_ws/build/xarm6_policy_infer/build install --record /home/isaac_sim/ros2_ws/build/xarm6_policy_infer/install.log --single-version-externally-managed install_data
