[0.447s] Invoking command in '/home/javierarambarricalvo/martin_ws/src/vision_grasping': PYTHONPATH=/home/javierarambarricalvo/martin_ws/build/vision_grasping/prefix_override:/usr/lib/python3/dist-packages/colcon_core/task/python/colcon_distutils_commands:/home/javierarambarricalvo/martin_ws/install/vision_grasping/lib/python3.12/site-packages:${PYTHONPATH} /usr/bin/python3 -W ignore:setup.py install is deprecated -W ignore:easy_install command is deprecated setup.py egg_info --egg-base ../../build/vision_grasping build --build-base /home/javierarambarricalvo/martin_ws/build/vision_grasping/build install --record /home/javierarambarricalvo/martin_ws/build/vision_grasping/install.log --install-scripts $base/lib/vision_grasping --single-version-externally-managed install_data
[0.564s] running egg_info
[0.571s] writing ../../build/vision_grasping/vision_grasping.egg-info/PKG-INFO
[0.571s] writing dependency_links to ../../build/vision_grasping/vision_grasping.egg-info/dependency_links.txt
[0.571s] writing entry points to ../../build/vision_grasping/vision_grasping.egg-info/entry_points.txt
[0.571s] writing requirements to ../../build/vision_grasping/vision_grasping.egg-info/requires.txt
[0.571s] writing top-level names to ../../build/vision_grasping/vision_grasping.egg-info/top_level.txt
[0.585s] reading manifest file '../../build/vision_grasping/vision_grasping.egg-info/SOURCES.txt'
[0.585s] writing manifest file '../../build/vision_grasping/vision_grasping.egg-info/SOURCES.txt'
[0.585s] running build
[0.585s] running build_py
[0.585s] copying vision_grasping/cv_grasp_detector.py -> /home/javierarambarricalvo/martin_ws/build/vision_grasping/build/lib/vision_grasping
[0.585s] running install
[0.588s] running install_lib
[0.595s] copying /home/javierarambarricalvo/martin_ws/build/vision_grasping/build/lib/vision_grasping/cv_grasp_detector.py -> /home/javierarambarricalvo/martin_ws/install/vision_grasping/lib/python3.12/site-packages/vision_grasping
[0.595s] byte-compiling /home/javierarambarricalvo/martin_ws/install/vision_grasping/lib/python3.12/site-packages/vision_grasping/cv_grasp_detector.py to cv_grasp_detector.cpython-312.pyc
[0.596s] running install_data
[0.597s] running install_egg_info
[0.604s] removing '/home/javierarambarricalvo/martin_ws/install/vision_grasping/lib/python3.12/site-packages/vision_grasping-0.0.0-py3.12.egg-info' (and everything under it)
[0.604s] Copying ../../build/vision_grasping/vision_grasping.egg-info to /home/javierarambarricalvo/martin_ws/install/vision_grasping/lib/python3.12/site-packages/vision_grasping-0.0.0-py3.12.egg-info
[0.604s] running install_scripts
[0.655s] Installing vision_node script to /home/javierarambarricalvo/martin_ws/install/vision_grasping/lib/vision_grasping
[0.655s] writing list of installed files to '/home/javierarambarricalvo/martin_ws/build/vision_grasping/install.log'
[0.671s] Invoked command in '/home/javierarambarricalvo/martin_ws/src/vision_grasping' returned '0': PYTHONPATH=/home/javierarambarricalvo/martin_ws/build/vision_grasping/prefix_override:/usr/lib/python3/dist-packages/colcon_core/task/python/colcon_distutils_commands:/home/javierarambarricalvo/martin_ws/install/vision_grasping/lib/python3.12/site-packages:${PYTHONPATH} /usr/bin/python3 -W ignore:setup.py install is deprecated -W ignore:easy_install command is deprecated setup.py egg_info --egg-base ../../build/vision_grasping build --build-base /home/javierarambarricalvo/martin_ws/build/vision_grasping/build install --record /home/javierarambarricalvo/martin_ws/build/vision_grasping/install.log --install-scripts $base/lib/vision_grasping --single-version-externally-managed install_data
