[0.473s] Invoking command in '/home/martinalangua/martin_ws/src/vision_grasping': PYTHONPATH=/home/martinalangua/martin_ws/build/vision_grasping/prefix_override:/usr/lib/python3/dist-packages/colcon_core/task/python/colcon_distutils_commands:/home/martinalangua/martin_ws/install/vision_grasping/lib/python3.12/site-packages:${PYTHONPATH} /usr/bin/python3 -W ignore:setup.py install is deprecated -W ignore:easy_install command is deprecated setup.py egg_info --egg-base ../../build/vision_grasping build --build-base /home/martinalangua/martin_ws/build/vision_grasping/build install --record /home/martinalangua/martin_ws/build/vision_grasping/install.log --install-scripts $base/lib/vision_grasping --single-version-externally-managed install_data
[0.598s] running egg_info
[0.604s] writing ../../build/vision_grasping/vision_grasping.egg-info/PKG-INFO
[0.604s] writing dependency_links to ../../build/vision_grasping/vision_grasping.egg-info/dependency_links.txt
[0.604s] writing entry points to ../../build/vision_grasping/vision_grasping.egg-info/entry_points.txt
[0.604s] writing requirements to ../../build/vision_grasping/vision_grasping.egg-info/requires.txt
[0.604s] writing top-level names to ../../build/vision_grasping/vision_grasping.egg-info/top_level.txt
[0.618s] reading manifest file '../../build/vision_grasping/vision_grasping.egg-info/SOURCES.txt'
[0.618s] writing manifest file '../../build/vision_grasping/vision_grasping.egg-info/SOURCES.txt'
[0.618s] running build
[0.618s] running build_py
[0.618s] copying vision_grasping/cv_grasp_detector.py -> /home/martinalangua/martin_ws/build/vision_grasping/build/lib/vision_grasping
[0.619s] copying vision_grasping/utils.py -> /home/martinalangua/martin_ws/build/vision_grasping/build/lib/vision_grasping
[0.619s] running install
[0.621s] running install_lib
[0.628s] copying /home/martinalangua/martin_ws/build/vision_grasping/build/lib/vision_grasping/cv_grasp_detector.py -> /home/martinalangua/martin_ws/install/vision_grasping/lib/python3.12/site-packages/vision_grasping
[0.628s] copying /home/martinalangua/martin_ws/build/vision_grasping/build/lib/vision_grasping/utils.py -> /home/martinalangua/martin_ws/install/vision_grasping/lib/python3.12/site-packages/vision_grasping
[0.628s] byte-compiling /home/martinalangua/martin_ws/install/vision_grasping/lib/python3.12/site-packages/vision_grasping/cv_grasp_detector.py to cv_grasp_detector.cpython-312.pyc
[0.630s] byte-compiling /home/martinalangua/martin_ws/install/vision_grasping/lib/python3.12/site-packages/vision_grasping/utils.py to utils.cpython-312.pyc
[0.630s] running install_data
[0.630s] running install_egg_info
[0.638s] removing '/home/martinalangua/martin_ws/install/vision_grasping/lib/python3.12/site-packages/vision_grasping-0.0.0-py3.12.egg-info' (and everything under it)
[0.638s] Copying ../../build/vision_grasping/vision_grasping.egg-info to /home/martinalangua/martin_ws/install/vision_grasping/lib/python3.12/site-packages/vision_grasping-0.0.0-py3.12.egg-info
[0.638s] running install_scripts
[0.689s] Installing vision_node script to /home/martinalangua/martin_ws/install/vision_grasping/lib/vision_grasping
[0.689s] writing list of installed files to '/home/martinalangua/martin_ws/build/vision_grasping/install.log'
[0.703s] Invoked command in '/home/martinalangua/martin_ws/src/vision_grasping' returned '0': PYTHONPATH=/home/martinalangua/martin_ws/build/vision_grasping/prefix_override:/usr/lib/python3/dist-packages/colcon_core/task/python/colcon_distutils_commands:/home/martinalangua/martin_ws/install/vision_grasping/lib/python3.12/site-packages:${PYTHONPATH} /usr/bin/python3 -W ignore:setup.py install is deprecated -W ignore:easy_install command is deprecated setup.py egg_info --egg-base ../../build/vision_grasping build --build-base /home/martinalangua/martin_ws/build/vision_grasping/build install --record /home/martinalangua/martin_ws/build/vision_grasping/install.log --install-scripts $base/lib/vision_grasping --single-version-externally-managed install_data
