[0.008s] Invoking command in '/home/martinalangua/Desktop/ufactory_ros2/build/xarm_sdk': /usr/bin/cmake /home/martinalangua/Desktop/ufactory_ros2/xarm_ros2/xarm_sdk -DCMAKE_INSTALL_PREFIX=/home/martinalangua/Desktop/ufactory_ros2/install/xarm_sdk
[0.104s] -- Configuring incomplete, errors occurred!
[0.104s] [31mCMake Error at CMakeLists.txt:25 (find_package):
[0.104s]   By not providing "Findament_cmake.cmake" in CMAKE_MODULE_PATH this project
[0.104s]   has asked CMake to find a package configuration file provided by
[0.104s]   "ament_cmake", but CMake did not find one.
[0.104s] 
[0.104s]   Could not find a package configuration file provided by "ament_cmake" with
[0.104s]   any of the following names:
[0.104s] 
[0.104s]     ament_cmakeConfig.cmake
[0.104s]     ament_cmake-config.cmake
[0.105s] 
[0.105s]   Add the installation prefix of "ament_cmake" to CMAKE_PREFIX_PATH or set
[0.105s]   "ament_cmake_DIR" to a directory containing one of the above files.  If
[0.105s]   "ament_cmake" provides a separate development package or SDK, be sure it
[0.105s]   has been installed.
[0.105s] 
[0.105s] [0m
[0.190s] Invoked command in '/home/martinalangua/Desktop/ufactory_ros2/build/xarm_sdk' returned '1': /usr/bin/cmake /home/martinalangua/Desktop/ufactory_ros2/xarm_ros2/xarm_sdk -DCMAKE_INSTALL_PREFIX=/home/martinalangua/Desktop/ufactory_ros2/install/xarm_sdk
